verification run on 39b81ee5c06d9c857db1638595453dc37dff68e8 (branch agent/magic-modal-docs-polish)
node v26.5.0  pnpm 11.17.0  .nvmrc 24.18

== pnpm run build ==
@magic-modal/docs:build: ●  (SSG)     prerendered as static HTML (uses generateStaticParams)
@magic-modal/docs:build: 
@magic-modal/docs:build: ✓ Docs artifact: 22 required files, 33 HTML files, 515 internal links

 Tasks:    2 successful, 2 total
Cached:    0 cached, 2 total
  Time:    16.517s 


== oxlint, invoked directly per workspace (not through turbo, not through rtk) ==
apps/docs exit=0
packages/modal exit=0
examples/kitchen-sink exit=0

== oxlint negative control, a deliberate violation in apps/docs ==
lint-probe.tsx:2:27: error eslint(no-var): Unexpected var, use let or const instead. help: Replace var with let or const
lint-probe.tsx:3:1: error eslint(no-debugger): `debugger` statement is not allowed help: Remove the debugger statement

== pnpm run format ==

 Tasks:    3 successful, 3 total
Cached:    0 cached, 3 total
  Time:    1.163s 

 WARNING  no output files found for task @magic-modal/docs#format. Please check your `outputs` key in `turbo.json`
 WARNING  no output files found for task @magic/kitchen-sink#format. Please check your `outputs` key in `turbo.json`
 WARNING  no output files found for task react-native-magic-modal#format. Please check your `outputs` key in `turbo.json`

== pnpm run typecheck ==
@magic/kitchen-sink:typecheck: $ tsc --noEmit --emitDeclarationOnly false
@magic-modal/docs:typecheck: [MDX] generated files in 10.323916999999994ms
@magic-modal/docs:typecheck: Generating route types...
@magic-modal/docs:typecheck: ✓ Types generated successfully
@magic-modal/docs:typecheck: [MDX] generated files in 8.108292000000006ms

 Tasks:    4 successful, 4 total
Cached:    0 cached, 4 total
  Time:    6.006s 


== pnpm run test ==
react-native-magic-modal:test: PASS src/components/magic-modal.swipe.v3.test.tsx (9.941 s)
react-native-magic-modal:test: 
react-native-magic-modal:test: Test Suites: 5 passed, 5 total
react-native-magic-modal:test: Tests:       39 passed, 39 total
react-native-magic-modal:test: Snapshots:   0 total
react-native-magic-modal:test: Time:        10.419 s, estimated 11 s
react-native-magic-modal:test: Ran all test suites.

 Tasks:    2 successful, 2 total
Cached:    0 cached, 2 total
  Time:    11.396s 


== pnpm run doctor ==
@magic/kitchen-sink:doctor: 19/19 checks passed. No issues detected!

 Tasks:    1 successful, 1 total
Cached:    0 cached, 1 total
  Time:    3.455s 


== pnpm run changelog:check ==
react-native-magic-modal:changelog:check: negative control passed (hiding the visible types breaks 6 assertions: feat renders, fix renders, build renders, refactor renders, chore renders, docs renders)

 Tasks:    1 successful, 1 total
Cached:    0 cached, 1 total
  Time:    2.899s 

