$ git diff --stat && git diff package.json
   package.json | 5 +++++
   1 file changed, 5 insertions(+)
  @@ -79,6 +79,11 @@
     "peerDependencies": {
       "eslint": "^3 || ^4 || ^5 || ^6 || ^7 || ^8 || ^9 || ^10"
     },
  +  "peerDependenciesMeta": {
  +    "eslint": {
  +      "optional": true
  +    }
  +  },
     "jest": {
       "coverageDirectory": "coverage",
       "coverageReporters": [

$ pnpm install && git status --porcelain    # lockfile unaffected: eslint is already a devDep
   M package.json

$ ./node_modules/.bin/jest --coverage       # eslint present as a dev dep, RuleTester + ESLint API
  
  Test Suites: 2 passed, 2 total
  Tests:       46 passed, 46 total
  Snapshots:   0 total
  Time:        1.718 s
  Ran all test suites.

$ ./node_modules/.bin/oxlint --report-unused-disable-directives   # direct, no wrapper
  exit: 0
$ ./node_modules/.bin/tsc --noEmit
  exit: 0
$ ./node_modules/.bin/oxfmt --check .
  All matched files use the correct format.
  Finished in 258ms on 24 files using 10 threads.
  exit: 0

$ npm pack && diff against the published 1.3.1 tarball
  file list      : identical
  lib/index.js               : identical
  lib/rules/jsx-explicit-boolean.js : identical
  package.json   : +5 lines, the peerDependenciesMeta block above
  -> the only change to the published artifact is the manifest.
