$ npm view eslint-plugin-safe-jsx dist-tags
  { "latest": "1.3.2" }

$ curl -s https://registry.npmjs.org/eslint-plugin-safe-jsx | jq '.versions["1.3.2"]'
  published        : 2026-07-28T16:33:03.332Z
  shasum           : beb89fbd8426c079992970261c0d0b91f7f48aaf
  peerDependencies : {"eslint":"^3 || ^4 || ^5 || ^6 || ^7 || ^8 || ^9 || ^10"}
  peerDepsMeta     : {"eslint":{"optional":true}}
  shasum in the CI publish log: beb89fbd8426c079992970261c0d0b91f7f48aaf

$ npm pack eslint-plugin-safe-jsx@1.3.2   # registry
$ npm pack                                 # built from main @ f14ddd3
$ diff -rq registry/package local/package
  (no output) -> byte-identical.

=========== a real install of the published 1.3.2 ===========

  resolved        : eslint-plugin-safe-jsx@1.3.2
  eslint          : NOT INSTALLED
  brace-expansion : NOT INSTALLED
  packages        : 1        (1.3.1 installed 71 here)
  pnpm audit      : No known vulnerabilities found

  ...and with eslint added back, the rule still fires and still fixes:
    version 1.3.2 | configs: recommended, strict, flat/recommended, flat/strict
    unsafe number              | safe-jsx/jsx-explicit-boolean@L2     | const A = () => Boolean(a) && <div />;
    unsafe string + fragment   | safe-jsx/jsx-explicit-boolean@L2     | const B = () => Boolean(b) && <>hi</>;
    safe Boolean()             | no report                            | const C = () => Boolean(a) && <div />;
    safe !!                    | no report                            | const D = () => !!a && <div />;
    safe comparison            | no report                            | const E = () => a > 0 && <div />;
    sequence expr              | safe-jsx/jsx-explicit-boolean@L2     | const F = () => (Boolean((a, b))) && <div />;
    self-referential           | safe-jsx/jsx-explicit-boolean@L2     | const G = () => Boolean(a) && <div />;
    reassigned                 | safe-jsx/jsx-explicit-boolean@L2     | const H = () => Boolean(a) && <div />;
    no init                    | safe-jsx/jsx-explicit-boolean@L2     | const I = () => Boolean(a) && <div />;
    non-jsx rhs                | no report                            | const J = () => a && 'str';

=========== tag, release, changelog ===========
  v1.3.2 -> f14ddd370d47b3efaa346789016e4294a6a7b295
  ancestor of origin/main : yes
  release: v1.3.2  draft: false  prerelease: false
  latest release per API  : v1.3.2
  release body == CHANGELOG latest section : match
  release body == git tag annotation       : match
