# The list moved from publishConfig.ignore into a checked-in .npmignore.
# npmignore was writing that same file at prepack, so the output must not move.

$ npm pack   # on main @ f14ddd3, and on this branch

--- file list, diffed ---
  (no differences)

    .github/FUNDING.yml
    .github/ISSUE_TEMPLATE/bug_report.md
    .github/ISSUE_TEMPLATE/feature_request.md
    CHANGELOG.md
    CODE_OF_CONDUCT.md
    lib/index.js
    lib/rules/jsx-explicit-boolean.js
    LICENSE
    package.json
    README.md
    renovate.json
    SECURITY.md

--- sha256 of every file in the tarball ---
  9c9
  < 38856650cfc4435da2d3ea56bdbefb989bec205ce5f9122c37aa3c9f2b549bb5  ./package.json
  ---
  > f285ab7c6329dedfe010ff803af9ce2eec73fae4ecf1d6feb3038d7c71ffe8ac  ./package.json
  11 of 12 identical. package.json is the one that moves, and this is all of it:

    27,41d26
    <   "publishConfig": {
    <     "ignore": [
    <       "!lib",
    <       ".github/workflows",
    <       "/src",
    <       "/reports",
    <       "/tools",
    <       "/oxlint.config.mts",
    <       "/oxfmt.config.mts",
    <       "/tsconfig.json",
    <       "/tsconfig.build.json",
    <       "/pnpm-workspace.yaml",
    <       "CONTRIBUTING.md"
    <     ]
    <   },
    43c28
    <     "prepack": "npmignore --auto --commentLines=autogenerated && npm run build",
    ---
    >     "prepack": "npm run build",
    72d56
    <     "npmignore": "^0.3.0",

  No code, no dependency a consumer installs, no entry point. publishConfig and
  devDependencies are both inert in a published manifest, so nothing downstream
  can observe this. No release.
